DIM = 10 x 8
TEMPO = 200
Line: oooooooooo
Line: oXXXXXXXXo
Line: o@XXooXXPo
Line: oXXXooXXXo
Line: oXXXooXXXo
Line: o@XXooXXPo
Line: oXXXXXXXXo
Line: oooooooooo
Creating threads
REFRESH
REFRESH
REFRESH
REFRESH
REFRESH
REFRESH
REFRESH
REFRESH
REFRESH
REFRESH
REFRESH
REFRESH
REFRESH
REFRESH
REFRESH
REFRESH
REFRESH
REFRESH
REFRESH
REFRESH
REFRESH
REFRESH
REFRESH
REFRESH
REFRESH
REFRESH
REFRESH
REFRESH
REFRESH
REFRESH
REFRESH
REFRESH
REFRESH
REFRESH
REFRESH
REFRESH
REFRESH
REFRESH
REFRESH
REFRESH
REFRESH
REFRESH
REFRESH
REFRESH
REFRESH
REFRESH
REFRESH
REFRESH
REFRESH
REFRESH
REFRESH
REFRESH
REFRESH
REFRESH
REFRESH
REFRESH
REFRESH
REFRESH
REFRESH
REFRESH
KEY D
REFRESH
REFRESH
REFRESH
REFRESH
KEY D
REFRESH
REFRESH
REFRESH
KEY D
REFRESH
REFRESH
KEY D
REFRESH
REFRESH
REFRESH
KEY D
REFRESH
KEY D
REFRESH
KEY D
REFRESH
KEY D
REFRESH
KEY D
REFRESH
KEY D
REFRESH
KEY D
REFRESH
KEY D
REFRESH
KEY D
REFRESH
KEY D
REFRESH
KEY D
REFRESH
KEY D
REFRESH
KEY D
REFRESH
KEY S
REFRESH
REFRESH
REFRESH
REFRESH
KEY S
REFRESH
REFRESH
REFRESH
REFRESH
KEY A
REFRESH
REFRESH
KEY A
REFRESH
REFRESH
REFRESH
KEY D
REFRESH
KEY D
REFRESH
REFRESH
REFRESH
REFRESH
REFRESH
KEY D
REFRESH
REFRESH
REFRESH
KEY S
REFRESH
REFRESH
REFRESH
KEY S
REFRESH
KEY S
REFRESH
KEY S
REFRESH
KEY S
REFRESH
KEY S
REFRESH
KEY S
REFRESH
KEY S
REFRESH
KEY S
REFRESH
KEY S
REFRESH
KEY S
REFRESH
KEY S
REFRESH
KEY S
REFRESH
KEY S
REFRESH
KEY S
REFRESH
KEY S
REFRESH
KEY S
REFRESH
KEY S
REFRESH
KEY S
REFRESH
KEY S
REFRESH
KEY S
REFRESH
KEY S
REFRESH
KEY S
REFRESH
KEY S
REFRESH
KEY S
REFRESH
KEY S
REFRESH
KEY S
REFRESH
KEY S
REFRESH
KEY A
REFRESH
KEY A
REFRESH
KEY A
REFRESH
KEY A
REFRESH
KEY A
REFRESH
KEY A
REFRESH
KEY A
REFRESH
KEY A
REFRESH
KEY A
REFRESH
KEY A
REFRESH
KEY A
REFRESH
KEY A
REFRESH
KEY A
REFRESH
KEY A
REFRESH
KEY A
REFRESH
KEY A
REFRESH
KEY A
REFRESH
KEY A
REFRESH
KEY A
REFRESH
KEY A
REFRESH
KEY W
REFRESH
KEY W
REFRESH
KEY W
REFRESH
KEY W
REFRESH
KEY W
REFRESH
KEY W
REFRESH
KEY A
REFRESH
KEY A
REFRESH
KEY S
REFRESH
KEY W
REFRESH
KEY S
REFRESH
REFRESH
REFRESH
REFRESH
KEY D
REFRESH
=== [40682] LEVEL INFO ===
Dimensions: 8 x 10
Tempo: 200
Pacman file: 
Monster files (0):

=== BOARD ===
          
 WWWWWWWW 
 PWW  WW  
 WWW  WWW 
 WWW  WWW 
  WW  WW  
 WWWWWWWW 
          
==================
DIM = 15 x 10
TEMPO = 300
Line: ooooooooooooooo
Line: oXXXXXXXXXXXXXo
Line: o@XXXoXXXoXXXPo
Line: oXXXXoXXXoXXXXo
Line: oXXXXooXooXXXXo
Line: o@oooXoPooXoooo
Line: oXXXXooXooXXXXo
Line: oXXXXoXXXoXXXXo
Line: oXXXXXXXXXXXXXo
Line: ooooooooooooooo
Creating threads
REFRESH
REFRESH
KEY D
REFRESH
REFRESH
REFRESH
REFRESH
REFRESH
REFRESH
REFRESH
REFRESH
REFRESH
REFRESH
REFRESH
REFRESH
REFRESH
REFRESH
REFRESH
REFRESH
REFRESH
REFRESH
REFRESH
REFRESH
REFRESH
REFRESH
